
------------------------------------------------------------
  1  Environment Variables
------------------------------------------------------------
  [OK]   ASTRA_DB_APPLICATION_TOKEN = ...8ca2d30a
  [OK]   ASTRA_DB_API_ENDPOINT = ...stax.com
  [OK]   GROQ_API_KEY = ...8e6V73xr
  [FAIL] GITHUB_TOKEN is NOT set

[WARN] Some env vars are missing - tests may fail.


=== Parsec Backend Full Workflow Verification ===


------------------------------------------------------------
  2  PyPI Changelog Fetch  (requests  2.28.0 -> 2.31.0)
------------------------------------------------------------
  [OK]   source        : pypi
  [OK]   description   : Python HTTP for Humans.
  [OK]   old_date      : 2022-06-09T14:44:34
  [OK]   new_date      : 2023-05-22T15:12:42
  [OK]   changelog_url : (not listed on PyPI)

------------------------------------------------------------
  3  GitHub Releases Fetch  (flask  2.3.0 -> 3.0.0)
------------------------------------------------------------
  [OK]   Found 5 releases between 2.3.0 and 3.0.0
  [i]    tag=3.0.0  name=3.0.0  date=2023-09-30T14:38:50Z
  [i]    body preview: 'This is a feature release, which includes new features, removes previously deprecated code, and adds new deprecations. T'
  [i]    tag=2.3.3  name=  date=2023-08-21T19:52:49Z
  [i]    body preview: 'This is a fix release for the 2.3.x feature branch.\r \r - Changes: https://flask.palletsprojects.com/en/2.3.x/changes/#ve'
  [i]    tag=2.3.2  name=  date=2023-05-01T15:43:14Z
  [i]    body preview: 'This is a security fix release for the 2.3.x release branch.\r \r * Security advisory: https://github.com/pallets/flask/se'

------------------------------------------------------------
  4  AstraDB: fetch_and_store_changelogs  (requests  2.28.0 -> 2.31.0)
------------------------------------------------------------
AstraDB collection 'package_changelogs' already configured with vectorize.
  [OK]   docs_stored     : 7
  [OK]   pypi status     : ok
  [OK]   github_releases : 6

------------------------------------------------------------
  5  AstraDB: query_similar_breakages  ('SSL certificate verification removed')
------------------------------------------------------------
  [OK]   Returned 3 result(s) from AstraDB
  [i]    package=requests  kind=None  reason=
  [i]    package=requests  kind=None  reason=
  [i]    package=requests  kind=None  reason=

------------------------------------------------------------
  6  AstraDB: store_analysis_breakages  (synthetic breakage)
------------------------------------------------------------
  [FAIL] store_analysis_breakages raised: 'Collection' object has no attribute 'upsert_many'

------------------------------------------------------------
  7  Groq LLM: generate_migration_fix
------------------------------------------------------------
  [i]    Prompt fields sent to Groq:
  [i]      Package : requests 2.28.0 -> 2.31.0
  [i]      Location: requests.auth.HTTPBasicAuth
  [i]      Kind    : parameter-removed
  [i]      Reason  : The stream kwarg was removed from HTTPBasicAuth.__call__
  [i]      Code    : auth = HTTPBasicAuth(user, pwd, stream=True)
  [i]      Similar : stream kwarg deprecated in 2.29, removed in 2.31
[Groq] Creating client with key ...6V73xr
  [OK]   Groq responded successfully!

  -- Suggested Fix --
  **Changed line:**
  ```python
  auth = HTTPBasicAuth(user, pwd)
  ```
  **Explanation:** Removed the `stream=True` parameter, as it has been removed in `requests` version 2.31.0.
  -------------------

------------------------------------------------------------
  Done - check [OK]/[FAIL] above
------------------------------------------------------------
